==284408== Memcheck, a memory error detector
==284408== Copyright (C) 2002-2017, and GNU GPL'd, by Julian Seward et al.
==284408== Using Valgrind-3.18.1 and LibVEX; rerun with -h for copyright info
==284408== Command: ./so_long map.ber
==284408== Parent PID: 232080
==284408== 
==284408== 
==284408== Process terminating with default action of signal 2 (SIGINT)
==284408==    at 0x4BC3885: write (write.c:26)
==284408==    by 0x401DE0: ft_putchar (in /home/ifadhli/COMMON CORE V2/so_long/so_long)
==284408==    by 0x401D8A: ft_printf (in /home/ifadhli/COMMON CORE V2/so_long/so_long)
==284408==    by 0x401332: main (main.c:80)
==284408== 
==284408== HEAP SUMMARY:
==284408==     in use at exit: 83 bytes in 6 blocks
==284408==   total heap usage: 51 allocs, 45 frees, 344 bytes allocated
==284408== 
==284408== 35 bytes in 5 blocks are still reachable in loss record 1 of 2
==284408==    at 0x4848899: malloc (in /usr/libexec/valgrind/vgpreload_memcheck-amd64-linux.so)
==284408==    by 0x4016CC: ft_line (utils.c:79)
==284408==    by 0x4017CE: get_next_line (utils.c:103)
==284408==    by 0x40129B: main (main.c:66)
==284408== 
==284408== 48 bytes in 1 blocks are still reachable in loss record 2 of 2
==284408==    at 0x4848899: malloc (in /usr/libexec/valgrind/vgpreload_memcheck-amd64-linux.so)
==284408==    by 0x40124D: main (main.c:58)
==284408== 
==284408== LEAK SUMMARY:
==284408==    definitely lost: 0 bytes in 0 blocks
==284408==    indirectly lost: 0 bytes in 0 blocks
==284408==      possibly lost: 0 bytes in 0 blocks
==284408==    still reachable: 83 bytes in 6 blocks
==284408==         suppressed: 0 bytes in 0 blocks
==284408== 
==284408== For lists of detected and suppressed errors, rerun with: -s
==284408== ERROR SUMMARY: 0 errors from 0 contexts (suppressed: 0 from 0)
